- Bắt đầu tải ROM: https://bigota.d.miui.com/V14.0.12.0.TNRCNXM/miui_GARNET_V14.0.12.0.TNRCNXM_25ec00c1d5_13.0.zip...
  % Total    % Received % Xferd  Average Speed   Time    Time     Time  Current
                                 Dload  Upload   Total   Spent    Left  Speed
  0     0    0     0    0     0      0      0 --:--:-- --:--:-- --:--:--     0  0     0    0     0    0     0      0      0 --:--:-- --:--:-- --:--:--     0  0     0    0     0    0     0      0      0 --:--:--  0:00:01 --:--:--     0  0     0    0     0    0     0      0      0 --:--:--  0:00:02 --:--:--     0  0     0    0     0    0     0      0      0 --:--:--  0:00:03 --:--:--     0  0 5354M    0   994    0     0    208      0 312d 09h  0:00:04 312d 09h   208  0 5354M    0  212k    0     0  40626      0 38:23:17  0:00:05 38:23:12 43481  0 5354M    0 2383k    0     0   375k      0  4:03:25  0:00:06  4:03:19  485k  0 5354M    0 4163k    0     0   530k      0  2:52:16  0:00:07  2:52:09  770k  0 5354M    0 4231k    0     0   475k      0  3:12:00  0:00:08  3:11:52  777k  0 5354M    0 4297k    0     0   444k      0  3:25:24  0:00:09  3:25:15  877k  0 5354M    0 5258k    0     0   508k      0  2:59:50  0:00:10  2:59:40 1009k  0 5354M    0 6829k    0     0   601k      0  2:31:52  0:00:11  2:31:41  889k  0 5354M    0 10.0M    0     0   826k      0  1:50:30  0:00:12  1:50:18 1337k  0 5354M    0 10.0M    0     0   764k      0  1:59:32  0:00:13  1:59:19 1319k  0 5354M    0 10.1M    0     0   719k      0  2:07:02  0:00:14  2:06:48 1275k  0 5354M    0 12.1M    0     0   802k      0  1:53:49  0:00:15  1:53:34 1400k  0 5354M    0 15.0M    0     0   939k      0  1:37:16  0:00:16  1:37:00 1705k  0 5354M    0 20.0M    0     0  1147k      0  1:19:36  0:00:17  1:19:19 1879k  0 5354M    0 20.0M    0     0  1119k      0  1:21:38  0:00:18  1:21:20 2101k  0 5354M    0 24.0M    0     0  1266k      0  1:12:09  0:00:19  1:11:50 2849k  0 5354M    0 24.0M    0     0  1200k      0  1:16:07  0:00:20  1:15:47 2411k  0 5354M    0 26.0M    0     0  1250k      0  1:13:04  0:00:21  1:12:43 2265k  0 5354M    0 30.0M    0     0  1361k      0  1:07:06  0:00:22  1:06:44 2171k  0 5354M    0 34.0M    0     0  1490k      0  1:01:19  0:00:23  1:00:56 2857k  0 5354M    0 48.4M    0     0  2038k      0  0:44:49  0:00:24  0:44:25 5072k  0 5354M    0 51.5M    0     0  2077k      0  0:43:59  0:00:25  0:43:34 5769k  1 5354M    1 58.0M    0     0  2241k      0  0:40:46  0:00:26  0:40:20 6368k  1 5354M    1 66.0M    0     0  2473k      0  0:36:56  0:00:27  0:36:29 7711k  1 5354M    1 74.9M    0     0  2707k      0  0:33:45  0:00:28  0:33:17 8413k  1 5354M    1 84.9M    0     0  2963k      0  0:30:49  0:00:29  0:30:20 7468k  1 5354M    1 95.4M    0     0  3219k      0  0:28:22  0:00:30  0:27:52 9087k  1 5354M    1  105M    0     0  3434k      0  0:26:36  0:00:31  0:26:05 9952k  2 5354M    2  114M    0     0  3629k      0  0:25:10  0:00:32  0:24:38 9949k  2 5354M    2  125M    0     0  3856k      0  0:23:41  0:00:33  0:23:08 10.1M  2 5354M    2  136M    0     0  4037k      0  0:22:37  0:00:34  0:22:03  9.9M  2 5354M    2  145M    0     0  4209k      0  0:21:42  0:00:35  0:21:07  9.9M  2 5354M    2  156M    0     0  4383k      0  0:20:50  0:00:36  0:20:14  9.9M  3 5354M    3  166M    0     0  4540k      0  0:20:07  0:00:37  0:19:30 10.0M  3 5354M    3  175M    0     0  4698k      0  0:19:26  0:00:38  0:18:48 10.0M  3 5354M    3  184M    0     0  4805k      0  0:19:00  0:00:39  0:18:21 10.0M  3 5354M    3  195M    0     0  4961k      0  0:18:25  0:00:40  0:17:45 10.0M  3 5354M    3  205M    0     0  5100k      0  0:17:55  0:00:41  0:17:14 10.1M  4 5354M    4  216M    0     0  5206k      0  0:17:33  0:00:42  0:16:51  9.9M  4 5354M    4  226M    0     0  5325k      0  0:17:09  0:00:43  0:16:26  9.8M  4 5354M    4  236M    0     0  5437k      0  0:16:48  0:00:44  0:16:04 10.0M  4 5354M    4  246M    0     0  5544k      0  0:16:28  0:00:45  0:15:43  9.9M  4 5354M    4  256M    0     0  5648k      0  0:16:10  0:00:46  0:15:24  9.9M  4 5354M    4  266M    0     0  5747k      0  0:15:53  0:00:47  0:15:06 10.1M  5 5354M    5  276M    0     0  5842k      0  0:15:38  0:00:48  0:14:50 10.1M  5 5354M    5  286M    0     0  5932k      0  0:15:24  0:00:49  0:14:35 10.1M  5 5354M    5  296M    0     0  6010k      0  0:15:12  0:00:50  0:14:22 10.0M  5 5354M    5  306M    0     0  6091k      0  0:15:00  0:00:51  0:14:09  9.9M  5 5354M    5  316M    0     0  6168k      0  0:14:48  0:00:52  0:13:56  9.8M  6 5354M    6  324M    0     0  6235k      0  0:14:39  0:00:53  0:13:46  9.8M  6 5354M    6  335M    0     0  6324k      0  0:14:26  0:00:54  0:13:32  9.9M  6 5354M    6  346M    0     0  6390k      0  0:14:17  0:00:55  0:13:22  9.9M  6 5354M    6  356M    0     0  6458k      0  0:14:08  0:00:56  0:13:12  9.9M  6 5354M    6  366M    0     0  6528k      0  0:13:59  0:00:57  0:13:02 10.1M  7 5354M    7  376M    0     0  6593k      0  0:13:51  0:00:58  0:12:53 10.1M  7 5354M    7  386M    0     0  6654k      0  0:13:43  0:00:59  0:12:44  9.9M  7 5354M    7  396M    0     0  6718k      0  0:13:36  0:01:00  0:12:36 10.1M  7 5354M    7  406M    0     0  6776k      0  0:13:29  0:01:01  0:12:28 10.1M  7 5354M    7  416M    0     0  6831k      0  0:13:22  0:01:02  0:12:20 10.1M  7 5354M    7  426M    0     0  6880k      0  0:13:16  0:01:03  0:12:13  9.9M  8 5354M    8  434M    0     0  6909k      0  0:13:13  0:01:04  0:12:09 9963k  8 5354M    8  444M    0     0  6961k      0  0:13:07  0:01:05  0:12:02 9902k  8 5354M    8  454M    0     0  7016k      0  0:13:01  0:01:06  0:11:55 9954k  8 5354M    8  465M    0     0  7073k      0  0:12:55  0:01:07  0:11:48  9.8M  8 5354M    8  475M    0     0  7125k      0  0:12:49  0:01:08  0:11:41 10.0M  9 5354M    9  484M    0     0  7154k      0  0:12:46  0:01:09  0:11:37 10.0M  9 5354M    9  495M    0     0  7210k      0  0:12:40  0:01:10  0:11:30 10.2M  9 5354M    9  506M    0     0  7249k      0  0:12:36  0:01:11  0:11:25 10.0M  9 5354M    9  516M    0     0  7290k      0  0:12:32  0:01:12  0:11:20  9.9M  9 5354M    9  525M    0     0  7342k      0  0:12:26  0:01:13  0:11:13 10.0M 10 5354M   10  536M    0     0  7372k      0  0:12:23  0:01:14  0:11:09 10.0M 10 5354M   10  544M    0     0  7387k      0  0:12:22  0:01:15  0:11:07 9853k 10 5354M   10  554M    0     0  7425k      0  0:12:18  0:01:16  0:11:02 9980k 10 5354M   10  562M    0     0  7437k      0  0:12:17  0:01:17  0:11:00 9597k 10 5354M   10  572M    0     0  7475k      0  0:12:13  0:01:18  0:10:55 9427k 10 5354M   10  582M    0     0  7509k      0  0:12:10  0:01:19  0:10:51 9581k 11 5354M   11  592M    0     0  7543k      0  0:12:06  0:01:20  0:10:46 9915k 11 5354M   11  602M    0     0  7575k      0  0:12:03  0:01:21  0:10:42 9883k 11 5354M   11  612M    0     0  7613k      0  0:12:00  0:01:22  0:10:38 10.1M 11 5354M   11  622M    0     0  7647k      0  0:11:56  0:01:23  0:10:33 10.0M 11 5354M   11  632M    0     0  7679k      0  0:11:53  0:01:24  0:10:29 10.1M 11 5354M   11  642M    0     0  7704k      0  0:11:51  0:01:25  0:10:26 10.0M 12 5354M   12  650M    0     0  7702k      0  0:11:51  0:01:26  0:10:25 9742k 12 5354M   12  660M    0     0  7729k      0  0:11:49  0:01:27  0:10:22 9620k 12 5354M   12  670M    0     0  7759k      0  0:11:46  0:01:28  0:10:18 9609k 12 5354M   12  680M    0     0  7788k      0  0:11:44  0:01:29  0:10:15 9601k 12 5354M   12  690M    0     0  7816k      0  0:11:41  0:01:30  0:10:11 9714k 13 5354M   13  700M    0     0  7845k      0  0:11:38  0:01:31  0:10:07 10.1M 13 5354M   13  710M    0     0  7873k      0  0:11:36  0:01:32  0:10:04 10.1M 13 5354M   13  720M    0     0  7889k      0  0:11:34  0:01:33  0:10:01  9.9M 13 5354M   13  730M    0     0  7916k      0  0:11:32  0:01:34  0:09:58  9.9M 13 5354M   13  740M    0     0  7942k      0  0:11:30  0:01:35  0:09:55  9.9M 14 5354M   14  750M    0     0  7965k      0  0:11:28  0:01:36  0:09:52  9.8M 14 5354M   14  760M    0     0  7989k      0  0:11:26  0:01:37  0:09:49  9.8M 14 5354M   14  770M    0     0  8007k      0  0:11:24  0:01:38  0:09:46  9.9M 14 5354M   14  779M    0     0  8031k      0  0:11:22  0:01:39  0:09:43  9.9M 14 5354M   14  789M    0     0  8056k      0  0:11:20  0:01:40  0:09:40  9.9M 14 5354M   14  800M    0     0  8074k      0  0:11:19  0:01:41  0:09:38  9.9M 15 5354M   15  810M    0     0  8097k      0  0:11:17  0:01:42  0:09:35  9.9M 15 5354M   15  820M    0     0  8119k      0  0:11:15  0:01:43  0:09:32 10.0M 15 5354M   15  830M    0     0  8142k      0  0:11:13  0:01:44  0:09:29 10.0M 15 5354M   15  840M    0     0  8162k      0  0:11:11  0:01:45  0:09:26 10.0M 15 5354M   15  850M    0     0  8184k      0  0:11:09  0:01:46  0:09:23 10.2M 16 5354M   16  858M    0     0  8177k      0  0:11:10  0:01:47  0:09:23 9814k 16 5354M   16  868M    0     0  8194k      0  0:11:09  0:01:48  0:09:21 9729k 16 5354M   16  876M    0     0  8197k      0  0:11:08  0:01:49  0:09:19 9346k 16 5354M   16  886M    0     0  8216k      0  0:11:07  0:01:50  0:09:17 9338k 16 5354M   16  896M    0     0  8234k      0  0:11:05  0:01:51  0:09:14 9299k 16 5354M   16  906M    0     0  8250k      0  0:11:04  0:01:52  0:09:12 9830k 17 5354M   17  915M    0     0  8268k      0  0:11:03  0:01:53  0:09:10 9914k 17 5354M   17  925M    0     0  8288k      0  0:11:01  0:01:54  0:09:07 10.0M 17 5354M   17  935M    0     0  8305k      0  0:11:00  0:01:55  0:09:05 10.0M 17 5354M   17  945M    0     0  8317k      0  0:10:59  0:01:56  0:09:03  9.9M 17 5354M   17  955M    0     0  8338k      0  0:10:57  0:01:57  0:09:00 10.1M 18 5354M   18  965M    0     0  8356k      0  0:10:56  0:01:58  0:08:58 10.1M 18 5354M   18  976M    0     0  8365k      0  0:10:55  0:01:59  0:08:56  9.8M 18 5354M   18  986M    0     0  8381k      0  0:10:54  0:02:00  0:08:54  9.8M 18 5354M   18  996M    0     0  8399k      0  0:10:52  0:02:01  0:08:51 10.0M 18 5354M   18 1006M    0     0  8415k      0  0:10:51  0:02:02  0:08:49  9.9M 18 5354M   18 1016M    0     0  8430k      0  0:10:50  0:02:03  0:08:47  9.9M 19 5354M   19 1026M    0     0  8445k      0  0:10:49  0:02:04  0:08:45 10.1M 19 5354M   19 1036M    0     0  8457k      0  0:10:48  0:02:05  0:08:43 10.0M 19 5354M   19 1046M    0     0  8471k      0  0:10:47  0:02:06  0:08:41  9.9M 19 5354M   19 1056M    0     0  8487k      0  0:10:46  0:02:07  0:08:39  9.9M 19 5354M   19 1066M    0     0  8501k      0  0:10:44  0:02:08  0:08:36 10.0M 20 5354M   20 1076M    0     0  8515k      0  0:10:43  0:02:09  0:08:34 10.0M 20 5354M   20 1086M    0     0  8528k      0  0:10:42  0:02:10  0:08:32 10.0M 20 5354M   20 1096M    0     0  8541k      0  0:10:41  0:02:11  0:08:30 10.0M 20 5354M   20 1106M    0     0  8552k      0  0:10:41  0:02:12  0:08:29  9.9M 20 5354M   20 1116M    0     0  8568k      0  0:10:39  0:02:13  0:08:26 10.0M 21 5354M   21 1126M    0     0  8579k      0  0:10:39  0:02:14  0:08:25 10.0M 21 5354M   21 1136M    0     0  8592k      0  0:10:38  0:02:15  0:08:23 10.0M 21 5354M   21 1146M    0     0  8598k      0  0:10:37  0:02:16  0:08:21  9.8M 21 5354M   21 1155M    0     0  8611k      0  0:10:36  0:02:17  0:08:19  9.9M 21 5354M   21 1165M    0     0  8622k      0  0:10:35  0:02:18  0:08:17  9.8M 21 5354M   21 1175M    0     0  8640k      0  0:10:34  0:02:19  0:08:15 10.0M 22 5354M   22 1184M    0     0  8642k      0  0:10:34  0:02:20  0:08:14  9.7M 22 5354M   22 1194M    0     0  8656k      0  0:10:33  0:02:21  0:08:12 10.0M 22 5354M   22 1205M    0     0  8672k      0  0:10:32  0:02:22  0:08:10 10.0M 22 5354M   22 1215M    0     0  8682k      0  0:10:31  0:02:23  0:08:08 10.1M 22 5354M   22 1224M    0     0  8684k      0  0:10:31  0:02:24  0:08:07 9888k 23 5354M   23 1235M    0     0  8701k      0  0:10:30  0:02:25  0:08:05 10.1M 23 5354M   23 1244M    0     0  8710k      0  0:10:29  0:02:26  0:08:03  9.9M 23 5354M   23 1254M    0     0  8716k      0  0:10:29  0:02:27  0:08:02 9967k 23 5354M   23 1264M    0     0  8726k      0  0:10:28  0:02:28  0:08:00 9992k 23 5354M   23 1274M    0     0  8738k      0  0:10:27  0:02:29  0:07:58 10.0M 24 5354M   24 1285M    0     0  8753k      0  0:10:26  0:02:30  0:07:56 10.0M 24 5354M   24 1295M    0     0  8766k      0  0:10:25  0:02:31  0:07:54 10.1M 24 5354M   24 1305M    0     0  8774k      0  0:10:24  0:02:32  0:07:52 10.2M 24 5354M   24 1314M    0     0  8771k      0  0:10:25  0:02:33  0:07:52  9.8M 24 5354M   24 1324M    0     0  8780k      0  0:10:24  0:02:34  0:07:50  9.7M 24 5354M   24 1334M    0     0  8789k      0  0:10:23  0:02:35  0:07:48 9849k 25 5354M   25 1344M    0     0  8799k      0  0:10:23  0:02:36  0:07:47 9765k 25 5354M   25 1354M    0     0  8810k      0  0:10:22  0:02:37  0:07:45 9886k 25 5354M   25 1364M    0     0  8819k      0  0:10:21  0:02:38  0:07:43 10.0M 25 5354M   25 1374M    0     0  8827k      0  0:10:21  0:02:39  0:07:42 10.0M 25 5354M   25 1384M    0     0  8836k      0  0:10:20  0:02:40  0:07:40 10.0M 26 5354M   26 1394M    0     0  8844k      0  0:10:19  0:02:41  0:07:38 10.0M 26 5354M   26 1404M    0     0  8853k      0  0:10:19  0:02:42  0:07:37  9.9M 26 5354M   26 1414M    0     0  8859k      0  0:10:18  0:02:43  0:07:35  9.8M 26 5354M   26 1424M    0     0  8867k      0  0:10:18  0:02:44  0:07:34  9.9M 26 5354M   26 1434M    0     0  8875k      0  0:10:17  0:02:45  0:07:32  9.8M 26 5354M   26 1444M    0     0  8882k      0  0:10:17  0:02:46  0:07:31  9.8M 27 5354M   27 1454M    0     0  8890k      0  0:10:16  0:02:47  0:07:29  9.8M 27 5354M   27 1464M    0     0  8900k      0  0:10:16  0:02:48  0:07:28  9.9M 27 5354M   27 1474M    0     0  8907k      0  0:10:15  0:02:49  0:07:26  9.9M 27 5354M   27 1483M    0     0  8918k      0  0:10:14  0:02:50  0:07:24 10.1M 27 5354M   27 1494M    0     0  8921k      0  0:10:14  0:02:51  0:07:23  9.9M 28 5354M   28 1503M    0     0  8931k      0  0:10:13  0:02:52  0:07:21 10.0M 28 5354M   28 1512M    0     0  8934k      0  0:10:13  0:02:53  0:07:20  9.8M 28 5354M   28 1523M    0     0  8948k      0  0:10:12  0:02:54  0:07:18 10.1M 28 5354M   28 1534M    0     0  8951k      0  0:10:12  0:02:55  0:07:17  9.8M 28 5354M   28 1543M    0     0  8961k      0  0:10:11  0:02:56  0:07:15 10.1M 29 5354M   29 1553M    0     0  8972k      0  0:10:11  0:02:57  0:07:14 10.1M 29 5354M   29 1564M    0     0  8974k      0  0:10:10  0:02:58  0:07:12 10.0M 29 5354M   29 1574M    0     0  8980k      0  0:10:10  0:02:59  0:07:11  9.8M 29 5354M   29 1584M    0     0  8988k      0  0:10:09  0:03:00  0:07:09 10.0M 29 5354M   29 1594M    0     0  8996k      0  0:10:09  0:03:01  0:07:08  9.9M 29 5354M   29 1604M    0     0  9003k      0  0:10:08  0:03:02  0:07:06  9.8M 30 5354M   30 1614M    0     0  9011k      0  0:10:08  0:03:03  0:07:05 10.1M 30 5354M   30 1624M    0     0  9020k      0  0:10:07  0:03:04  0:07:03 10.2M 30 5354M   30 1634M    0     0  9025k      0  0:10:07  0:03:05  0:07:02 10.1M 30 5354M   30 1644M    0     0  9032k      0  0:10:06  0:03:06  0:07:00 10.1M 30 5354M   30 1654M    0     0  9038k      0  0:10:06  0:03:07  0:06:59 10.0M 31 5354M   31 1664M    0     0  9045k      0  0:10:06  0:03:08  0:06:58 10.0M 31 5354M   31 1674M    0     0  9051k      0  0:10:05  0:03:09  0:06:56  9.9M 31 5354M   31 1684M    0     0  9055k      0  0:10:05  0:03:10  0:06:55  9.9M 31 5354M   31 1694M    0     0  9061k      0  0:10:05  0:03:11  0:06:54  9.8M 31 5354M   31 1704M    0     0  9068k      0  0:10:04  0:03:12  0:06:52  9.9M 32 5354M   32 1714M    0     0  9074k      0  0:10:04  0:03:13  0:06:51  9.9M 32 5354M   32 1724M    0     0  9081k      0  0:10:03  0:03:14  0:06:49  9.9M 32 5354M   32 1734M    0     0  9088k      0  0:10:03  0:03:15  0:06:48 10.1M 32 5354M   32 1744M    0     0  9094k      0  0:10:02  0:03:16  0:06:46 10.1M 32 5354M   32 1754M    0     0  9100k      0  0:10:02  0:03:17  0:06:45 10.1M 32 5354M   32 1764M    0     0  9102k      0  0:10:02  0:03:18  0:06:44  9.9M 33 5354M   33 1774M    0     0  9110k      0  0:10:01  0:03:19  0:06:42 10.0M 33 5354M   33 1784M    0     0  9116k      0  0:10:01  0:03:20  0:06:41  9.9M 33 5354M   33 1794M    0     0  9121k      0  0:10:01  0:03:21  0:06:40  9.9M 33 5354M   33 1804M    0     0  9127k      0  0:10:00  0:03:22  0:06:38  9.9M 33 5354M   33 1814M    0     0  9129k      0  0:10:00  0:03:23  0:06:37  9.9M 34 5354M   34 1824M    0     0  9135k      0  0:10:00  0:03:24  0:06:36  9.8M 34 5354M   34 1834M    0     0  9141k      0  0:09:59  0:03:25  0:06:34  9.8M 34 5354M   34 1844M    0     0  9146k      0  0:09:59  0:03:26  0:06:33  9.9M 34 5354M   34 1854M    0     0  9151k      0  0:09:59  0:03:27  0:06:32  9.8M 34 5354M   34 1864M    0     0  9157k      0  0:09:58  0:03:28  0:06:30 10.0M 34 5354M   34 1873M    0     0  9162k      0  0:09:58  0:03:29  0:06:29 10.0M 35 5354M   35 1884M    0     0  9165k      0  0:09:58  0:03:30  0:06:28  9.9M 35 5354M   35 1892M    0     0  9166k      0  0:09:58  0:03:31  0:06:27  9.7M 35 5354M   35 1900M    0     0  9162k      0  0:09:58  0:03:32  0:06:26 9623k 35 5354M   35 1910M    0     0  9168k      0  0:09:58  0:03:33  0:06:25 9633k 35 5354M   35 1920M    0     0  9171k      0  0:09:57  0:03:34  0:06:23 9571k 36 5354M   36 1930M    0     0  9171k      0  0:09:57  0:03:35  0:06:22 9407k 36 5354M   36 1938M    0     0  9174k      0  0:09:57  0:03:36  0:06:21 9504k 36 5354M   36 1948M    0     0  9175k      0  0:09:57  0:03:37  0:06:20 9744k 36 5354M   36 1958M    0     0  9180k      0  0:09:57  0:03:38  0:06:19 9699k 36 5354M   36 1968M    0     0  9184k      0  0:09:56  0:03:39  0:06:17 9727k 36 5354M   36 1978M    0     0  9189k      0  0:09:56  0:03:40  0:06:16 9998k 37 5354M   37 1988M    0     0  9195k      0  0:09:56  0:03:41  0:06:15  9.8M 37 5354M   37 1998M    0     0  9201k      0  0:09:55  0:03:42  0:06:13 10.0M 37 5354M   37 2008M    0     0  9208k      0  0:09:55  0:03:43  0:06:12 10.2M 37 5354M   37 2018M    0     0  9210k      0  0:09:55  0:03:44  0:06:11 10.1M 37 5354M   37 2028M    0     0  9214k      0  0:09:55  0:03:45  0:06:10 10.0M 38 5354M   38 2038M    0     0  9218k      0  0:09:54  0:03:46  0:06:08 10.0M 38 5354M   38 2048M    0     0  9222k      0  0:09:54  0:03:47  0:06:07  9.9M 38 5354M   38 2058M    0     0  9228k      0  0:09:54  0:03:48  0:06:06  9.8M 38 5354M   38 2068M    0     0  9232k      0  0:09:53  0:03:49  0:06:04  9.9M 38 5354M   38 2078M    0     0  9237k      0  0:09:53  0:03:50  0:06:03 10.0M 39 5354M   39 2089M    0     0  9246k      0  0:09:52  0:03:51  0:06:01 10.2M 39 5354M   39 2098M    0     0  9248k      0  0:09:52  0:03:52  0:06:00 10.1M 39 5354M   39 2109M    0     0  9258k      0  0:09:52  0:03:53  0:05:59 10.3M 39 5354M   39 2118M    0     0  9253k      0  0:09:52  0:03:54  0:05:58 10.0M 39 5354M   39 2128M    0     0  9258k      0  0:09:52  0:03:55  0:05:57 10.0M 39 5354M   39 2138M    0     0  9264k      0  0:09:51  0:03:56  0:05:55  9.8M 40 5354M   40 2148M    0     0  9268k      0  0:09:51  0:03:57  0:05:54  9.9M 40 5354M   40 2158M    0     0  9266k      0  0:09:51  0:03:58  0:05:53 9665k 40 5354M   40 2166M    0     0  9270k      0  0:09:51  0:03:59  0:05:52  9.8M 40 5354M   40 2176M    0     0  9274k      0  0:09:51  0:04:00  0:05:51  9.7M 40 5354M   40 2187M    0     0  9279k      0  0:09:50  0:04:01  0:05:49 9990k 41 5354M   41 2198M    0     0  9283k      0  0:09:50  0:04:02  0:05:48  9.7M 41 5354M   41 2208M    0     0  9287k      0  0:09:50  0:04:03  0:05:47 10.0M 41 5354M   41 2218M    0     0  9292k      0  0:09:50  0:04:04  0:05:46 10.1M 41 5354M   41 2228M    0     0  9297k      0  0:09:49  0:04:05  0:05:44 10.1M 41 5354M   41 2236M    0     0  9297k      0  0:09:49  0:04:06  0:05:43  9.8M 41 5354M   41 2248M    0     0  9300k      0  0:09:49  0:04:07  0:05:42  9.8M 42 5354M   42 2257M    0     0  9308k      0  0:09:49  0:04:08  0:05:41 10.0M 42 5354M   42 2267M    0     0  9309k      0  0:09:48  0:04:09  0:05:39  9.9M 42 5354M   42 2278M    0     0  9313k      0  0:09:48  0:04:10  0:05:38  9.8M 42 5354M   42 2287M    0     0  9320k      0  0:09:48  0:04:11  0:05:37 10.2M 42 5354M   42 2298M    0     0  9321k      0  0:09:48  0:04:12  0:05:36 10.1M 43 5354M   43 2308M    0     0  9324k      0  0:09:48  0:04:13  0:05:35  9.8M 43 5354M   43 2318M    0     0  9328k      0  0:09:47  0:04:14  0:05:33  9.9M 43 5354M   43 2328M    0     0  9332k      0  0:09:47  0:04:15  0:05:32 10.0M 43 5354M   43 2336M    0     0  9332k      0  0:09:47  0:04:16  0:05:31 9964k 43 5354M   43 2346M    0     0  9335k      0  0:09:47  0:04:17  0:05:30  9.8M 44 5354M   44 2358M    0     0  9341k      0  0:09:46  0:04:18  0:05:28  9.9M 44 5354M   44 2368M    0     0  9346k      0  0:09:46  0:04:19  0:05:27 10.0M 44 5354M   44 2377M    0     0  9350k      0  0:09:46  0:04:20  0:05:26 10.0M 44 5354M   44 2388M    0     0  9353k      0  0:09:46  0:04:21  0:05:25 10.1M 44 5354M   44 2398M    0     0  9356k      0  0:09:45  0:04:22  0:05:23 10.1M 44 5354M   44 2408M    0     0  9362k      0  0:09:45  0:04:23  0:05:22 10.1M 45 5354M   45 2418M    0     0  9367k      0  0:09:45  0:04:24  0:05:21 10.2M 45 5354M   45 2428M    0     0  9371k      0  0:09:45  0:04:25  0:05:20 10.2M 45 5354M   45 2438M    0     0  9374k      0  0:09:44  0:04:26  0:05:18 10.2M 45 5354M   45 2448M    0     0  9379k      0  0:09:44  0:04:27  0:05:17 10.3M 45 5354M   45 2459M    0     0  9385k      0  0:09:44  0:04:28  0:05:16 10.3M 46 5354M   46 2469M    0     0  9388k      0  0:09:43  0:04:29  0:05:14 10.2M 46 5354M   46 2479M    0     0  9390k      0  0:09:43  0:04:30  0:05:13 10.1M 46 5354M   46 2488M    0     0  9390k      0  0:09:43  0:04:31  0:05:12  9.9M 46 5354M   46 2498M    0     0  9395k      0  0:09:43  0:04:32  0:05:11 10.0M 46 5354M   46 2509M    0     0  9399k      0  0:09:43  0:04:33  0:05:10  9.9M 47 5354M   47 2519M    0     0  9404k      0  0:09:42  0:04:34  0:05:08 10.0M 47 5354M   47 2530M    0     0  9404k      0  0:09:43  0:04:35  0:05:08  9.9M 47 5354M   47 2538M    0     0  9408k      0  0:09:42  0:04:36  0:05:06 10.1M 47 5354M   47 2546M    0     0  9401k      0  0:09:43  0:04:37  0:05:06 9699k 47 5354M   47 2556M    0     0  9403k      0  0:09:43  0:04:38  0:05:05 9625k 47 5354M   47 2566M    0     0  9407k      0  0:09:42  0:04:39  0:05:03 9575k 48 5354M   48 2576M    0     0  9412k      0  0:09:42  0:04:40  0:05:02 9848k 48 5354M   48 2586M    0     0  9384k      0  0:09:44  0:04:42  0:05:02 8273k 48 5354M   48 2586M    0     0  9351k      0  0:09:46  0:04:43  0:05:03 6986k 48 5354M   48 2586M    0     0  9318k      0  0:09:48  0:04:44  0:05:04 5215k 48 5354M   48 2586M    0     0  9285k      0  0:09:50  0:04:45  0:05:05 3432k 48 5354M   48 2586M    0     0  9271k      0  0:09:51  0:04:45  0:05:06 1777k 48 5354M   48 2586M    0     0  9241k      0  0:09:53  0:04:46  0:05:07  115k 48 5354M   48 2592M    0     0  9214k      0  0:09:54  0:04:48  0:05:06 1263k 48 5354M   48 2592M    0     0  9178k      0  0:09:57  0:04:49  0:05:08 1310k 48 5354M   48 2592M    0     0  9146k      0  0:09:59  0:04:50  0:05:09 1310k 48 5354M   48 2592M    0     0  9114k      0  0:10:01  0:04:51  0:05:10 1181k 48 5354M   48 2592M    0     0  9083k      0  0:10:03  0:04:52  0:05:11 1088k 48 5354M   48 2592M    0     0  9068k      0  0:10:04  0:04:52  0:05:12  109k 48 5354M   48 2600M    0     0  9074k      0  0:10:04  0:04:53  0:05:11 1849k 48 5354M   48 2610M    0     0  9078k      0  0:10:03  0:04:54  0:05:09 4334k 48 5354M   48 2620M    0     0  9083k      0  0:10:03  0:04:55  0:05:08 6858k 49 5354M   49 2630M    0     0  9087k      0  0:10:03  0:04:56  0:05:07 9320k 49 5354M   49 2640M    0     0  9091k      0  0:10:03  0:04:57  0:05:06 10.2M 49 5354M   49 2650M    0     0  9095k      0  0:10:02  0:04:58  0:05:04 10.0M 49 5354M   49 2660M    0     0  9098k      0  0:10:02  0:04:59  0:05:03 10.0M 49 5354M   49 2670M    0     0  9104k      0  0:10:02  0:05:00  0:05:02 10.0M 50 5354M   50 2680M    0     0  9109k      0  0:10:01  0:05:01  0:05:00 10.1M 50 5354M   50 2690M    0     0  9111k      0  0:10:01  0:05:02  0:04:59 10.0M 50 5354M   50 2700M    0     0  9114k      0  0:10:01  0:05:03  0:04:58 10.0M 50 5354M   50 2710M    0     0  9120k      0  0:10:01  0:05:04  0:04:57 10.1M 50 5354M   50 2720M    0     0  9117k      0  0:10:01  0:05:05  0:04:56 9926k 50 5354M   50 2728M    0     0  9119k      0  0:10:01  0:05:06  0:04:55 9754k 51 5354M   51 2738M    0     0  9122k      0  0:10:01  0:05:07  0:04:54 9789k 51 5354M   51 2748M    0     0  9124k      0  0:10:00  0:05:08  0:04:52 9745k 51 5354M   51 2758M    0     0  9129k      0  0:10:00  0:05:09  0:04:51 9662k 51 5354M   51 2768M    0     0  9133k      0  0:10:00  0:05:10  0:04:50  9.8M 51 5354M   51 2778M    0     0  9138k      0  0:10:00  0:05:11  0:04:49 10.0M 52 5354M   52 2788M    0     0  9143k      0  0:09:59  0:05:12  0:04:47 10.1M 52 5354M   52 2799M    0     0  9149k      0  0:09:59  0:05:13  0:04:46 10.4M 52 5354M   52 2810M    0     0  9150k      0  0:09:59  0:05:14  0:04:45 10.1M 52 5354M   52 2820M    0     0  9153k      0  0:09:58  0:05:15  0:04:43 10.1M 52 5354M   52 2824M    0     0  9129k      0  0:10:00  0:05:16  0:04:44 8631k 52 5354M   52 2827M    0     0  9121k      0  0:10:01  0:05:17  0:04:44 7772k 53 5354M   53 2837M    0     0  9128k      0  0:10:00  0:05:18  0:04:42 7815k 53 5354M   53 2848M    0     0  9128k      0  0:10:00  0:05:19  0:04:41 7796k 53 5354M   53 2858M    0     0  9133k      0  0:10:00  0:05:20  0:04:40 7827k 53 5354M   53 2868M    0     0  9136k      0  0:10:00  0:05:21  0:04:39 9600k 53 5354M   53 2878M    0     0  9139k      0  0:09:59  0:05:22  0:04:37 10.0M 53 5354M   53 2888M    0     0  9143k      0  0:09:59  0:05:23  0:04:36  9.8M 54 5354M   54 2894M    0     0  9138k      0  0:09:59  0:05:24  0:04:35 9750k 54 5354M   54 2906M    0     0  9145k      0  0:09:59  0:05:25  0:04:34 9935k 54 5354M   54 2916M    0     0  9149k      0  0:09:59  0:05:26  0:04:33 9990k 54 5354M   54 2926M    0     0  9154k      0  0:09:58  0:05:27  0:04:31  9.8M 54 5354M   54 2936M    0     0  9158k      0  0:09:58  0:05:28  0:04:30  9.9M 55 5354M   55 2947M    0     0  9164k      0  0:09:58  0:05:29  0:04:29 10.5M 55 5354M   55 2958M    0     0  9166k      0  0:09:58  0:05:30  0:04:28 10.3M 55 5354M   55 2968M    0     0  9170k      0  0:09:57  0:05:31  0:04:26 10.2M 55 5354M   55 2978M    0     0  9173k      0  0:09:57  0:05:32  0:04:25 10.2M 55 5354M   55 2988M    0     0  9176k      0  0:09:57  0:05:33  0:04:24 10.1M 55 5354M   55 2998M    0     0  9180k      0  0:09:57  0:05:34  0:04:23  9.9M 56 5354M   56 3008M    0     0  9182k      0  0:09:57  0:05:35  0:04:22  9.9M 56 5354M   56 3016M    0     0  9181k      0  0:09:57  0:05:36  0:04:21 9915k 56 5354M   56 3026M    0     0  9183k      0  0:09:57  0:05:37  0:04:20 9840k 56 5354M   56 3036M    0     0  9187k      0  0:09:56  0:05:38  0:04:18 9959k 56 5354M   56 3046M    0     0  9191k      0  0:09:56  0:05:39  0:04:17 9945k 57 5354M   57 3056M    0     0  9193k      0  0:09:56  0:05:40  0:04:16 9969k 57 5354M   57 3066M    0     0  9197k      0  0:09:56  0:05:41  0:04:15 10.0M 57 5354M   57 3076M    0     0  9200k      0  0:09:55  0:05:42  0:04:13 10.0M 57 5354M   57 3086M    0     0  9203k      0  0:09:55  0:05:43  0:04:12 10.0M 57 5354M   57 3096M    0     0  9207k      0  0:09:55  0:05:44  0:04:11 10.0M 58 5354M   58 3106M    0     0  9212k      0  0:09:55  0:05:45  0:04:10 10.2M 58 5354M   58 3117M    0     0  9216k      0  0:09:54  0:05:46  0:04:08 10.2M 58 5354M   58 3127M    0     0  9218k      0  0:09:54  0:05:47  0:04:07 10.2M 58 5354M   58 3138M    0     0  9220k      0  0:09:54  0:05:48  0:04:06 10.1M 58 5354M   58 3148M    0     0  9224k      0  0:09:54  0:05:49  0:04:05 10.1M 58 5354M   58 3158M    0     0  9228k      0  0:09:54  0:05:50  0:04:04 10.0M 59 5354M   59 3168M    0     0  9231k      0  0:09:53  0:05:51  0:04:02  9.9M 59 5354M   59 3178M    0     0  9233k      0  0:09:53  0:05:52  0:04:01  9.9M 59 5354M   59 3188M    0     0  9235k      0  0:09:53  0:05:53  0:04:00 10.0M 59 5354M   59 3198M    0     0  9238k      0  0:09:53  0:05:54  0:03:59  9.9M 59 5354M   59 3208M    0     0  9241k      0  0:09:53  0:05:55  0:03:58  9.9M 60 5354M   60 3218M    0     0  9245k      0  0:09:53  0:05:56  0:03:57  9.9M 60 5354M   60 3228M    0     0  9248k      0  0:09:52  0:05:57  0:03:55 10.0M 60 5354M   60 3236M    0     0  9249k      0  0:09:52  0:05:58  0:03:54  9.9M 60 5354M   60 3247M    0     0  9254k      0  0:09:52  0:05:59  0:03:53 10.1M 60 5354M   60 3256M    0     0  9253k      0  0:09:52  0:06:00  0:03:52  9.8M 60 5354M   60 3266M    0     0  9254k      0  0:09:52  0:06:01  0:03:51 9921k 61 5354M   61 3276M    0     0  9257k      0  0:09:52  0:06:02  0:03:50 9921k 61 5354M   61 3286M    0     0  9259k      0  0:09:52  0:06:03  0:03:49  9.8M 61 5354M   61 3296M    0     0  9262k      0  0:09:51  0:06:04  0:03:47 9830k 61 5354M   61 3306M    0     0  9268k      0  0:09:51  0:06:05  0:03:46 10.1M 61 5354M   61 3316M    0     0  9269k      0  0:09:51  0:06:06  0:03:45 10.0M 62 5354M   62 3325M    0     0  9266k      0  0:09:51  0:06:07  0:03:44 9895k 62 5354M   62 3335M    0     0  9273k      0  0:09:51  0:06:08  0:03:43 10.0M 62 5354M   62 3346M    0     0  9273k      0  0:09:51  0:06:09  0:03:42  9.8M 62 5354M   62 3356M    0     0  9276k      0  0:09:51  0:06:10  0:03:41 9846k 62 5354M   62 3366M    0     0  9278k      0  0:09:50  0:06:11  0:03:39 9928k 63 5354M   63 3375M    0     0  9283k      0  0:09:50  0:06:12  0:03:38 10.2M 63 5354M   63 3386M    0     0  9283k      0  0:09:50  0:06:13  0:03:37  9.7M 63 5354M   63 3396M    0     0  9286k      0  0:09:50  0:06:14  0:03:36  9.9M 63 5354M   63 3406M    0     0  9289k      0  0:09:50  0:06:15  0:03:35 10.0M 63 5354M   63 3416M    0     0  9292k      0  0:09:50  0:06:16  0:03:34 10.1M 63 5354M   63 3426M    0     0  9295k      0  0:09:49  0:06:17  0:03:32  9.9M 64 5354M   64 3436M    0     0  9297k      0  0:09:49  0:06:18  0:03:31 10.1M 64 5354M   64 3441M    0     0  9290k      0  0:09:50  0:06:19  0:03:31 9632k 64 5354M   64 3452M    0     0  9291k      0  0:09:50  0:06:20  0:03:30 9445k 64 5354M   64 3462M    0     0  9294k      0  0:09:49  0:06:21  0:03:28 9443k 64 5354M   64 3472M    0     0  9297k      0  0:09:49  0:06:22  0:03:27 9508k 65 5354M   65 3482M    0     0  9300k      0  0:09:49  0:06:23  0:03:26 9546k 65 5354M   65 3492M    0     0  9303k      0  0:09:49  0:06:24  0:03:25 10.0M 65 5354M   65 3502M    0     0  9307k      0  0:09:49  0:06:25  0:03:24 10.3M 65 5354M   65 3512M    0     0  9307k      0  0:09:49  0:06:26  0:03:23 10.0M 65 5354M   65 3522M    0     0  9309k      0  0:09:48  0:06:27  0:03:21  9.9M 65 5354M   65 3532M    0     0  9310k      0  0:09:48  0:06:28  0:03:20  9.8M 66 5354M   66 3542M    0     0  9312k      0  0:09:48  0:06:29  0:03:19 9997k 66 5354M   66 3550M    0     0  9313k      0  0:09:48  0:06:30  0:03:18 9767k 66 5354M   66 3561M    0     0  9317k      0  0:09:48  0:06:31  0:03:17  9.8M 66 5354M   66 3572M    0     0  9320k      0  0:09:48  0:06:32  0:03:16  9.9M 66 5354M   66 3581M    0     0  9324k      0  0:09:48  0:06:33  0:03:15 10.1M 67 5354M   67 3592M    0     0  9325k      0  0:09:47  0:06:34  0:03:13 10.0M 67 5354M   67 3598M    0     0  9321k      0  0:09:48  0:06:35  0:03:13 9904k 67 5354M   67 3610M    0     0  9326k      0  0:09:47  0:06:36  0:03:11  9.7M 67 5354M   67 3620M    0     0  9327k      0  0:09:47  0:06:37  0:03:10 9911k 67 5354M   67 3630M    0     0  9330k      0  0:09:47  0:06:38  0:03:09 9841k 67 5354M   67 3640M    0     0  9332k      0  0:09:47  0:06:39  0:03:08 9907k 68 5354M   68 3650M    0     0  9335k      0  0:09:47  0:06:40  0:03:07 10.2M 68 5354M   68 3660M    0     0  9336k      0  0:09:47  0:06:41  0:03:06  9.9M 68 5354M   68 3670M    0     0  9339k      0  0:09:47  0:06:42  0:03:05 10.0M 68 5354M   68 3680M    0     0  9344k      0  0:09:46  0:06:43  0:03:03 10.1M 68 5354M   68 3690M    0     0  9346k      0  0:09:46  0:06:44  0:03:02 10.1M 69 5354M   69 3701M    0     0  9350k      0  0:09:46  0:06:45  0:03:01 10.2M 69 5354M   69 3712M    0     0  9351k      0  0:09:46  0:06:46  0:03:00 10.2M 69 5354M   69 3722M    0     0  9354k      0  0:09:46  0:06:47  0:02:59 10.2M 69 5354M   69 3732M    0     0  9356k      0  0:09:46  0:06:48  0:02:58 10.0M 69 5354M   69 3742M    0     0  9358k      0  0:09:45  0:06:49  0:02:56 10.0M 70 5354M   70 3751M    0     0  9360k      0  0:09:45  0:06:50  0:02:55  9.9M 70 5354M   70 3762M    0     0  9361k      0  0:09:45  0:06:51  0:02:54  9.9M 70 5354M   70 3772M    0     0  9364k      0  0:09:45  0:06:52  0:02:53  9.9M 70 5354M   70 3781M    0     0  9368k      0  0:09:45  0:06:53  0:02:52 10.1M 70 5354M   70 3792M    0     0  9368k      0  0:09:45  0:06:54  0:02:51  9.9M 71 5354M   71 3802M    0     0  9370k      0  0:09:45  0:06:55  0:02:50  9.9M 71 5354M   71 3812M    0     0  9373k      0  0:09:44  0:06:56  0:02:48 10.0M 71 5354M   71 3821M    0     0  9375k      0  0:09:44  0:06:57  0:02:47 10.1M 71 5354M   71 3832M    0     0  9377k      0  0:09:44  0:06:58  0:02:46  9.8M 71 5354M   71 3841M    0     0  9379k      0  0:09:44  0:06:59  0:02:45 10.1M 71 5354M   71 3850M    0     0  9378k      0  0:09:44  0:07:00  0:02:44  9.7M 72 5354M   72 3860M    0     0  9380k      0  0:09:44  0:07:01  0:02:43  9.7M 72 5354M   72 3870M    0     0  9383k      0  0:09:44  0:07:02  0:02:42  9.8M 72 5354M   72 3880M    0     0  9384k      0  0:09:44  0:07:03  0:02:41  9.7M 72 5354M   72 3890M    0     0  9386k      0  0:09:44  0:07:04  0:02:40 9971k 72 5354M   72 3900M    0     0  9388k      0  0:09:44  0:07:05  0:02:39 10.0M 73 5354M   73 3910M    0     0  9391k      0  0:09:43  0:07:06  0:02:37 10.0M 73 5354M   73 3921M    0     0  9395k      0  0:09:43  0:07:07  0:02:36 10.1M 73 5354M   73 3931M    0     0  9397k      0  0:09:43  0:07:08  0:02:35 10.2M 73 5354M   73 3941M    0     0  9400k      0  0:09:43  0:07:09  0:02:34 10.3M 73 5354M   73 3951M    0     0  9402k      0  0:09:43  0:07:10  0:02:33 10.3M 73 5354M   73 3960M    0     0  9403k      0  0:09:43  0:07:11  0:02:32 10.1M 74 5354M   74 3971M    0     0  9406k      0  0:09:42  0:07:12  0:02:30 10.0M 74 5354M   74 3981M    0     0  9409k      0  0:09:42  0:07:13  0:02:29 10.2M 74 5354M   74 3992M    0     0  9408k      0  0:09:42  0:07:14  0:02:28  9.8M 74 5354M   74 4000M    0     0  9410k      0  0:09:42  0:07:15  0:02:27  9.9M 74 5354M   74 4011M    0     0  9415k      0  0:09:42  0:07:16  0:02:26 10.2M 75 5354M   75 4020M    0     0  9413k      0  0:09:42  0:07:17  0:02:25  9.7M 75 5354M   75 4030M    0     0  9415k      0  0:09:42  0:07:18  0:02:24 9909k 75 5354M   75 4041M    0     0  9419k      0  0:09:42  0:07:19  0:02:23 10.1M 75 5354M   75 4051M    0     0  9421k      0  0:09:41  0:07:20  0:02:21 10.0M 75 5354M   75 4061M    0     0  9424k      0  0:09:41  0:07:21  0:02:20  9.9M 76 5354M   76 4071M    0     0  9424k      0  0:09:41  0:07:22  0:02:19 10.1M 76 5354M   76 4080M    0     0  9422k      0  0:09:41  0:07:23  0:02:18  9.8M 76 5354M   76 4090M    0     0  9425k      0  0:09:41  0:07:24  0:02:17 9943k 76 5354M   76 4100M    0     0  9426k      0  0:09:41  0:07:25  0:02:16 9882k 76 5354M   76 4110M    0     0  9427k      0  0:09:41  0:07:26  0:02:15 9712k 76 5354M   76 4120M    0     0  9429k      0  0:09:41  0:07:27  0:02:14 9867k 77 5354M   77 4130M    0     0  9429k      0  0:09:41  0:07:28  0:02:13 9990k 77 5354M   77 4140M    0     0  9431k      0  0:09:41  0:07:29  0:02:12 9978k 77 5354M   77 4150M    0     0  9433k      0  0:09:41  0:07:30  0:02:11  9.8M 77 5354M   77 4160M    0     0  9435k      0  0:09:41  0:07:31  0:02:10  9.9M 77 5354M   77 4169M    0     0  9439k      0  0:09:40  0:07:32  0:02:08 10.1M 78 5354M   78 4180M    0     0  9439k      0  0:09:40  0:07:33  0:02:07 10.0M 78 5354M   78 4189M    0     0  9443k      0  0:09:40  0:07:34  0:02:06 10.2M 78 5354M   78 4200M    0     0  9442k      0  0:09:40  0:07:35  0:02:05  9.9M 78 5354M   78 4210M    0     0  9444k      0  0:09:40  0:07:36  0:02:04  9.9M 78 5354M   78 4220M    0     0  9446k      0  0:09:40  0:07:37  0:02:03  9.8M 79 5354M   79 4230M    0     0  9448k      0  0:09:40  0:07:38  0:02:02 10.0M 79 5354M   79 4240M    0     0  9450k      0  0:09:40  0:07:39  0:02:01  9.8M 79 5354M   79 4250M    0     0  9451k      0  0:09:40  0:07:40  0:02:00 10.0M 79 5354M   79 4259M    0     0  9453k      0  0:09:39  0:07:41  0:01:58 10.0M 79 5354M   79 4269M    0     0  9455k      0  0:09:39  0:07:42  0:01:57 10.0M 79 5354M   79 4279M    0     0  9457k      0  0:09:39  0:07:43  0:01:56  9.9M 80 5354M   80 4289M    0     0  9460k      0  0:09:39  0:07:44  0:01:55 10.1M 80 5354M   80 4300M    0     0  9459k      0  0:09:39  0:07:45  0:01:54  9.9M 80 5354M   80 4308M    0     0  9460k      0  0:09:39  0:07:46  0:01:53  9.8M 80 5354M   80 4318M    0     0  9461k      0  0:09:39  0:07:47  0:01:52 9986k 80 5354M   80 4328M    0     0  9464k      0  0:09:39  0:07:48  0:01:51  9.9M 81 5354M   81 4340M    0     0  9465k      0  0:09:39  0:07:49  0:01:50 9967k 81 5354M   81 4346M    0     0  9462k      0  0:09:39  0:07:50  0:01:49 9767k 81 5354M   81 4358M    0     0  9467k      0  0:09:39  0:07:51  0:01:48  9.8M 81 5354M   81 4368M    0     0  9469k      0  0:09:39  0:07:52  0:01:47  9.9M 81 5354M   81 4378M    0     0  9470k      0  0:09:38  0:07:53  0:01:45  9.7M 81 5354M   81 4388M    0     0  9471k      0  0:09:38  0:07:54  0:01:44  9.8M 82 5354M   82 4398M    0     0  9473k      0  0:09:38  0:07:55  0:01:43 10.2M 82 5354M   82 4408M    0     0  9475k      0  0:09:38  0:07:56  0:01:42  9.9M 82 5354M   82 4418M    0     0  9475k      0  0:09:38  0:07:57  0:01:41  9.8M 82 5354M   82 4428M    0     0  9477k      0  0:09:38  0:07:58  0:01:40  9.9M 82 5354M   82 4437M    0     0  9480k      0  0:09:38  0:07:59  0:01:39 10.0M 83 5354M   83 4448M    0     0  9480k      0  0:09:38  0:08:00  0:01:38  9.8M 83 5354M   83 4458M    0     0  9481k      0  0:09:38  0:08:01  0:01:37  9.8M 83 5354M   83 4466M    0     0  9481k      0  0:09:38  0:08:02  0:01:36  9.7M 83 5354M   83 4476M    0     0  9482k      0  0:09:38  0:08:03  0:01:35 9927k 83 5354M   83 4486M    0     0  9485k      0  0:09:38  0:08:04  0:01:34  9.7M 83 5354M   83 4496M    0     0  9484k      0  0:09:38  0:08:05  0:01:33 9863k 84 5354M   84 4506M    0     0  9485k      0  0:09:38  0:08:06  0:01:32 9863k 84 5354M   84 4516M    0     0  9486k      0  0:09:37  0:08:07  0:01:30 9964k 84 5354M   84 4526M    0     0  9487k      0  0:09:37  0:08:08  0:01:29 9996k 84 5354M   84 4536M    0     0  9490k      0  0:09:37  0:08:09  0:01:28 9923k 84 5354M   84 4546M    0     0  9491k      0  0:09:37  0:08:10  0:01:27  9.9M 85 5354M   85 4556M    0     0  9492k      0  0:09:37  0:08:11  0:01:26  9.9M 85 5354M   85 4565M    0     0  9494k      0  0:09:37  0:08:12  0:01:25 10.1M 85 5354M   85 4573M    0     0  9492k      0  0:09:37  0:08:13  0:01:24 9939k 85 5354M   85 4583M    0     0  9494k      0  0:09:37  0:08:14  0:01:23 9955k 85 5354M   85 4594M    0     0  9494k      0  0:09:37  0:08:15  0:01:22 9802k 85 5354M   85 4604M    0     0  9496k      0  0:09:37  0:08:16  0:01:21 9887k 86 5354M   86 4614M    0     0  9498k      0  0:09:37  0:08:17  0:01:20 9813k 86 5354M   86 4624M    0     0  9498k      0  0:09:37  0:08:18  0:01:19  9.8M 86 5354M   86 4634M    0     0  9500k      0  0:09:37  0:08:19  0:01:18  9.7M 86 5354M   86 4642M    0     0  9501k      0  0:09:37  0:08:20  0:01:17  9.9M 86 5354M   86 4653M    0     0  9504k      0  0:09:36  0:08:21  0:01:15 10.0M 87 5354M   87 4663M    0     0  9505k      0  0:09:36  0:08:22  0:01:14 10.0M 87 5354M   87 4674M    0     0  9506k      0  0:09:36  0:08:23  0:01:13 10.0M 87 5354M   87 4683M    0     0  9509k      0  0:09:36  0:08:24  0:01:12 10.2M 87 5354M   87 4694M    0     0  9510k      0  0:09:36  0:08:25  0:01:11 10.1M 87 5354M   87 4704M    0     0  9511k      0  0:09:36  0:08:26  0:01:10  9.9M 88 5354M   88 4714M    0     0  9511k      0  0:09:36  0:08:27  0:01:09  9.8M 88 5354M   88 4724M    0     0  9513k      0  0:09:36  0:08:28  0:01:08  9.9M 88 5354M   88 4734M    0     0  9514k      0  0:09:36  0:08:29  0:01:07  9.8M 88 5354M   88 4744M    0     0  9516k      0  0:09:36  0:08:30  0:01:06  9.9M 88 5354M   88 4754M    0     0  9517k      0  0:09:36  0:08:31  0:01:05  9.9M 88 5354M   88 4763M    0     0  9520k      0  0:09:35  0:08:32  0:01:03 10.1M 89 5354M   89 4774M    0     0  9520k      0  0:09:35  0:08:33  0:01:02 10.0M 89 5354M   89 4784M    0     0  9522k      0  0:09:35  0:08:34  0:01:01 10.0M 89 5354M   89 4794M    0     0  9523k      0  0:09:35  0:08:35  0:01:00 10.0M 89 5354M   89 4804M    0     0  9525k      0  0:09:35  0:08:36  0:00:59 10.0M 89 5354M   89 4814M    0     0  9526k      0  0:09:35  0:08:37  0:00:58  9.9M 90 5354M   90 4824M    0     0  9528k      0  0:09:35  0:08:38  0:00:57 10.0M 90 5354M   90 4834M    0     0  9529k      0  0:09:35  0:08:39  0:00:56 10.0M 90 5354M   90 4844M    0     0  9530k      0  0:09:35  0:08:40  0:00:55  9.9M 90 5354M   90 4854M    0     0  9532k      0  0:09:35  0:08:41  0:00:54 10.0M 90 5354M   90 4864M    0     0  9532k      0  0:09:35  0:08:42  0:00:53  9.9M 90 5354M   90 4872M    0     0  9532k      0  0:09:35  0:08:43  0:00:52  9.7M 91 5354M   91 4882M    0     0  9533k      0  0:09:35  0:08:44  0:00:51 9969k 91 5354M   91 4892M    0     0  9535k      0  0:09:34  0:08:45  0:00:49  9.8M 91 5354M   91 4902M    0     0  9536k      0  0:09:34  0:08:46  0:00:48 9992k 91 5354M   91 4912M    0     0  9535k      0  0:09:34  0:08:47  0:00:47 9810k 91 5354M   91 4921M    0     0  9539k      0  0:09:34  0:08:48  0:00:46  9.9M 92 5354M   92 4932M    0     0  9538k      0  0:09:34  0:08:49  0:00:45  9.8M 92 5354M   92 4942M    0     0  9540k      0  0:09:34  0:08:50  0:00:44  9.7M 92 5354M   92 4952M    0     0  9541k      0  0:09:34  0:08:51  0:00:43  9.8M 92 5354M   92 4962M    0     0  9542k      0  0:09:34  0:08:52  0:00:42 10.0M 92 5354M   92 4972M    0     0  9544k      0  0:09:34  0:08:53  0:00:41  9.8M 93 5354M   93 4982M    0     0  9545k      0  0:09:34  0:08:54  0:00:40  9.9M 93 5354M   93 4992M    0     0  9546k      0  0:09:34  0:08:55  0:00:39 10.0M 93 5354M   93 5002M    0     0  9548k      0  0:09:34  0:08:56  0:00:38 10.0M 93 5354M   93 5012M    0     0  9549k      0  0:09:34  0:08:57  0:00:37 10.0M 93 5354M   93 5022M    0     0  9551k      0  0:09:34  0:08:58  0:00:36 10.0M 93 5354M   93 5032M    0     0  9552k      0  0:09:33  0:08:59  0:00:34 10.1M 94 5354M   94 5042M    0     0  9553k      0  0:09:33  0:09:00  0:00:33 10.0M 94 5354M   94 5052M    0     0  9554k      0  0:09:33  0:09:01  0:00:32  9.9M 94 5354M   94 5062M    0     0  9556k      0  0:09:33  0:09:02  0:00:31 10.0M 94 5354M   94 5072M    0     0  9557k      0  0:09:33  0:09:03  0:00:30 10.0M 94 5354M   94 5082M    0     0  9558k      0  0:09:33  0:09:04  0:00:29  9.9M 95 5354M   95 5092M    0     0  9560k      0  0:09:33  0:09:05  0:00:28 10.0M 95 5354M   95 5102M    0     0  9562k      0  0:09:33  0:09:06  0:00:27 10.1M 95 5354M   95 5112M    0     0  9562k      0  0:09:33  0:09:07  0:00:26  9.9M 95 5354M   95 5122M    0     0  9563k      0  0:09:33  0:09:08  0:00:25  9.9M 95 5354M   95 5132M    0     0  9565k      0  0:09:33  0:09:09  0:00:24 10.0M 96 5354M   96 5142M    0     0  9566k      0  0:09:33  0:09:10  0:00:23 10.0M 96 5354M   96 5152M    0     0  9569k      0  0:09:32  0:09:11  0:00:21 10.1M 96 5354M   96 5162M    0     0  9569k      0  0:09:32  0:09:12  0:00:20 10.1M 96 5354M   96 5172M    0     0  9572k      0  0:09:32  0:09:13  0:00:19 10.3M 96 5354M   96 5183M    0     0  9574k      0  0:09:32  0:09:14  0:00:18 10.4M 97 5354M   97 5194M    0     0  9574k      0  0:09:32  0:09:15  0:00:17 10.1M 97 5354M   97 5203M    0     0  9576k      0  0:09:32  0:09:16  0:00:16 10.1M 97 5354M   97 5212M    0     0  9573k      0  0:09:32  0:09:17  0:00:15  9.7M 97 5354M   97 5222M    0     0  9577k      0  0:09:32  0:09:18  0:00:14  9.8M 97 5354M   97 5232M    0     0  9579k      0  0:09:32  0:09:19  0:00:13  9.8M 97 5354M   97 5242M    0     0  9579k      0  0:09:32  0:09:20  0:00:12  9.8M 98 5354M   98 5252M    0     0  9581k      0  0:09:32  0:09:21  0:00:11  9.8M 98 5354M   98 5262M    0     0  9581k      0  0:09:32  0:09:22  0:00:10 10.2M 98 5354M   98 5273M    0     0  9584k      0  0:09:32  0:09:23  0:00:09 10.1M 98 5354M   98 5282M    0     0  9585k      0  0:09:32  0:09:24  0:00:08  9.9M 98 5354M   98 5293M    0     0  9587k      0  0:09:31  0:09:25  0:00:06 10.2M 99 5354M   99 5303M    0     0  9589k      0  0:09:31  0:09:26  0:00:05 10.2M 99 5354M   99 5314M    0     0  9589k      0  0:09:31  0:09:27  0:00:04 10.1M 99 5354M   99 5323M    0     0  9592k      0  0:09:31  0:09:28  0:00:03 10.2M 99 5354M   99 5333M    0     0  9592k      0  0:09:31  0:09:29  0:00:02 10.1M 99 5354M   99 5342M    0     0  9592k      0  0:09:31  0:09:30  0:00:01  9.9M 99 5354M   99 5352M    0     0  9591k      0  0:09:31  0:09:31 --:--:-- 9896k100 5354M  100 5354M    0     0  9592k      0  0:09:31  0:09:31 --:--:--  9.8M

- Giải nén ROM miui_GARNET_V14.0.12.0.TNRCNXM_25ec00c1d5_13.0.zip...
▼ Tên máy chủ
Linux fv-az1269-522 6.2.0-1015-azure #15~22.04.1-Ubuntu SMP Fri Oct  6 13:20:44 UTC 2023 x86_64 x86_64 x86_64 GNU/Linux

- Trích xuất payload.bin
- Trích xuất xong!
- Trích xuất ứng dụng
 ✓ Trích xuất system.img erofs
 ✓ Trích xuất system.img xong
 ✓ Trích xuất vendor.img erofs
 ✓ Trích xuất vendor.img xong
 ✓ Trích xuất system_ext.img erofs
 ✓ Trích xuất system_ext.img xong
 ✓ Trích xuất product.img erofs
 ✓ Trích xuất product.img xong
 ✓ Trích xuất odm.img erofs
 ✓ Trích xuất odm.img xong
 ✓ Trích xuất mi_ext.img erofs
 ✓ Trích xuất mi_ext.img xong
 ✓ Trích xuất vendor_dlkm.img erofs
 ✓ Trích xuất vendor_dlkm.img xong
- Trích ứng dụng xong!
 * Vá hệ thống...
 Xử lý: services
 Xử lý: miui-services
 Xử lý: framework
 Xử lý: miui-framework
 * Thêm ngôn ngữ...
 * Thêm Harman Kardon...
 * Thêm Gói Gapp...
cat: /home/runner/work/RROM/RROM/Delete_apps.md: No such file or directory
- Xử lý boot.img
- Xong boot.img
- Xử lý vendor_boot.img
- Xong vendor_boot.img
+ Xử lý system.img
  ✓ Xoá tập tin theo danh sách....
- Tạo system.img ext4
mke2fs 1.46.5 (30-Dec-2021)
Creating regular file /home/runner/work/RROM/RROM/tmp/system.img
Creating filesystem with 317817 4k blocks and 79520 inodes
Filesystem UUID: 6d6d8691-fb25-41cb-a797-bbc7882a9008
Superblock backups stored on blocks: 
	32768, 98304, 163840, 229376, 294912

Allocating group tables:  0/10     done                            
Writing inode tables:  0/10     done                            
Writing superblocks and filesystem accounting information:  0/10     done

loaded 8720 fs_config entries
Created filesystem with 3739/79520 inodes and 294149/317817 blocks
+ Xử lý system.img xong
+ Xử lý vendor.img
 * Vá fstab...
  ✓ Xoá tập tin theo danh sách....
- Tạo vendor.img ext4
mke2fs 1.46.5 (30-Dec-2021)
Creating regular file /home/runner/work/RROM/RROM/tmp/vendor.img
Creating filesystem with 691219 4k blocks and 172832 inodes
Filesystem UUID: 2a8862c1-1f6e-418c-a38a-2b3049ff335c
Superblock backups stored on blocks: 
	32768, 98304, 163840, 229376, 294912

Allocating group tables:  0/22     done                            
Writing inode tables:  0/22     done                            
Writing superblocks and filesystem accounting information:  0/22     done

loaded 5009 fs_config entries
Created filesystem with 4970/172832 inodes and 630287/691219 blocks
+ Xử lý vendor.img xong
+ Xử lý system_ext.img
  ✓ Xoá tập tin theo danh sách....
- Tạo system_ext.img ext4
mke2fs 1.46.5 (30-Dec-2021)
Creating regular file /home/runner/work/RROM/RROM/tmp/system_ext.img
Creating filesystem with 199829 4k blocks and 50064 inodes
Filesystem UUID: 49075b4f-b33f-4857-8e40-fb1fb46797dc
Superblock backups stored on blocks: 
	32768, 98304, 163840

Allocating group tables: 0/7   done                            
Writing inode tables: 0/7   done                            
Writing superblocks and filesystem accounting information: 0/7   done

loaded 1817 fs_config entries
Created filesystem with 1826/50064 inodes and 185108/199829 blocks
+ Xử lý system_ext.img xong
+ Xử lý product.img
  ✓ Xoá tập tin theo danh sách....
- Tạo product.img ext4
mke2fs 1.46.5 (30-Dec-2021)
Creating regular file /home/runner/work/RROM/RROM/tmp/product.img
Creating filesystem with 1552084 4k blocks and 388608 inodes
Filesystem UUID: bff96032-0d66-4062-bdf1-07c079565f01
Superblock backups stored on blocks: 
	32768, 98304, 163840, 229376, 294912, 819200, 884736

Allocating group tables:  0/48     done                            
Writing inode tables:  0/48     done                            
Writing superblocks and filesystem accounting information:  0/48     done

loaded 2477 fs_config entries
Created filesystem with 2447/388608 inodes and 1438187/1552084 blocks
+ Xử lý product.img xong
+ Xử lý odm.img
  ✓ Xoá tập tin theo danh sách....
- Tạo odm.img ext4
mke2fs 1.46.5 (30-Dec-2021)
Creating regular file /home/runner/work/RROM/RROM/tmp/odm.img
Creating filesystem with 4315 4k blocks and 4320 inodes

Allocating group tables: 0/1   done                            
Writing inode tables: 0/1   done                            
Writing superblocks and filesystem accounting information: 0/1   done

loaded 85 fs_config entries
Created filesystem with 94/4320 inodes and 3156/4315 blocks
+ Xử lý odm.img xong
+ Xử lý mi_ext.img
  ✓ Xoá tập tin theo danh sách....
- Tạo mi_ext.img ext4
mke2fs 1.46.5 (30-Dec-2021)
Creating regular file /home/runner/work/RROM/RROM/tmp/mi_ext.img
Creating filesystem with 6110 4k blocks and 6112 inodes

Allocating group tables: 0/1   done                            
Writing inode tables: 0/1   done                            
Writing superblocks and filesystem accounting information: 0/1   done

loaded 46 fs_config entries
Created filesystem with 55/6112 inodes and 1004/6110 blocks
+ Xử lý mi_ext.img xong
+ Xử lý vendor_dlkm.img
  ✓ Xoá tập tin theo danh sách....
- Tạo vendor_dlkm.img ext4
mke2fs 1.46.5 (30-Dec-2021)
Creating regular file /home/runner/work/RROM/RROM/tmp/vendor_dlkm.img
Creating filesystem with 34705 4k blocks and 34720 inodes
Filesystem UUID: 7f954469-fa3e-4bb0-8004-11fb4ee42693
Superblock backups stored on blocks: 
	32768

Allocating group tables: 0/2   done                            
Writing inode tables: 0/2   done                            
Writing superblocks and filesystem accounting information: 0/2   done

loaded 315 fs_config entries
Created filesystem with 324/34720 inodes and 25005/34705 blocks
+ Xử lý vendor_dlkm.img xong
  ° Tạo tập tin super: 8.5 [G]
 
 + Kích cỡ tổng các các tập tin: 11423793152
 + Kích cỡ tổng phân vùng super: 9126805504
 ➙ Vui lòng chờ...
 ✓ Tổng kích cỡ các tập tin lớn hơn kích cỡ phân vùng
 ✓ Tạo super lỗi !
- Tạo tập tin flash...
- Kết thúc
✓ Closed issue #82 (Xây dựng ROM)
